1:1 NAME                     開白
1:3 と申す行法          と申す行法
1:9 修するに             修するに
2:3 式神                   式神
2:5 式神名                太陰
2:7 を                      を
2:8 喚び                   喚び
2:11 INT                      5
2:13 を                      を
2:14 憑かせしむ          憑かせしむ
2:20 急急如律令          急急如律令
3:3 式神名                太陰
3:5 を                      を
3:6 唱へ                   唱へ
3:9 急急如律令          急急如律令
4:1 結願                   結願
5:1 悉地成就             悉地成就
6:1 EOF
